[2026-08-16T00:09:37.463Z] Starting dev server with command: pnpm run dev
[2026-08-16T00:09:38.500Z] > asternal-engine@1.0.0 dev /home/ubuntu/asternal-engine
[2026-08-16T00:09:38.500Z] > vite --host
[2026-08-16T00:09:38.757Z] VITE v7.1.9  ready in 234 ms
[2026-08-16T00:09:38.757Z] ➜  Local:   http://localhost:3000/
[2026-08-16T00:09:38.757Z] ➜  Network: http://169.254.0.21:3000/
[2026-08-16T00:10:21.038Z] 12:10:21 AM [vite] vite.config.ts changed, restarting server...
[2026-08-16T00:10:21.039Z] 12:10:21 AM [vite] (client) page reload index.html
[2026-08-16T00:10:21.045Z] 12:10:21 AM [vite] server restarted.
[2026-08-16T00:10:21.045Z] ➜  Local:   http://localhost:5173/
[2026-08-16T00:10:21.045Z] ➜  Network: http://169.254.0.21:5173/
[2026-08-16T00:10:21.078Z] 12:10:21 AM [vite] (client) page reload index.html
[2026-08-16T00:10:21.085Z] 12:10:21 AM [vite] (client) page reload isolate/index.html
[2026-08-16T00:10:21.085Z] 12:10:21 AM [vite] changed tsconfig file detected: /home/ubuntu/asternal-engine/tsconfig.json - Clearing cache and forcing full-reload to ensure TypeScript is compiled with updated config values.
[2026-08-16T00:12:14.715Z] ELIFECYCLE  Command failed.
[2026-08-16T00:12:14.738Z] Dev server exited with code -1
[2026-08-16T00:12:15.821Z] Starting dev server with command: pnpm run dev
[2026-08-16T00:12:16.357Z] [WARN] Moving @eslint/js that was installed by a different package manager to "node_modules/.ignored"
[2026-08-16T00:12:16.358Z] [WARN] Moving @types/node that was installed by a different package manager to "node_modules/.ignored"
[2026-08-16T00:12:16.358Z] [WARN] Moving @types/react that was installed by a different package manager to "node_modules/.ignored"
[2026-08-16T00:12:16.358Z] [WARN] Moving @types/react-dom that was installed by a different package manager to "node_modules/.ignored"
[2026-08-16T00:12:16.358Z] [WARN] Moving @vitejs/plugin-react that was installed by a different package manager to "node_modules/.ignored"
[2026-08-16T00:12:16.358Z] [WARN] Moving eslint that was installed by a different package manager to "node_modules/.ignored"
[2026-08-16T00:12:16.358Z] [WARN] Moving eslint-plugin-react-hooks that was installed by a different package manager to "node_modules/.ignored"
[2026-08-16T00:12:16.358Z] [WARN] Moving eslint-config-prettier that was installed by a different package manager to "node_modules/.ignored"
[2026-08-16T00:12:16.358Z] [WARN] Moving eslint-plugin-react-refresh that was installed by a different package manager to "node_modules/.ignored"
[2026-08-16T00:12:16.359Z] [WARN] Moving globals that was installed by a different package manager to "node_modules/.ignored"
[2026-08-16T00:12:16.359Z] [WARN] Moving prettier that was installed by a different package manager to "node_modules/.ignored"
[2026-08-16T00:12:16.359Z] [WARN] Moving tw-animate-css that was installed by a different package manager to "node_modules/.ignored"
[2026-08-16T00:12:16.359Z] [WARN] Moving typescript that was installed by a different package manager to "node_modules/.ignored"
[2026-08-16T00:12:16.359Z] [WARN] Moving typescript-eslint that was installed by a different package manager to "node_modules/.ignored"
[2026-08-16T00:12:16.359Z] [WARN] Moving vite that was installed by a different package manager to "node_modules/.ignored"
[2026-08-16T00:12:16.359Z] [WARN] Moving @hookform/resolvers that was installed by a different package manager to "node_modules/.ignored"
[2026-08-16T00:12:16.359Z] [WARN] Moving @radix-ui/react-accordion that was installed by a different package manager to "node_modules/.ignored"
[2026-08-16T00:12:16.359Z] [WARN] Moving @radix-ui/react-alert-dialog that was installed by a different package manager to "node_modules/.ignored"
[2026-08-16T00:12:16.359Z] [WARN] Moving @radix-ui/react-aspect-ratio that was installed by a different package manager to "node_modules/.ignored"
[2026-08-16T00:12:16.359Z] [WARN] Moving @radix-ui/react-avatar that was installed by a different package manager to "node_modules/.ignored"
[2026-08-16T00:12:16.359Z] [WARN] Moving @radix-ui/react-checkbox that was installed by a different package manager to "node_modules/.ignored"
[2026-08-16T00:12:16.359Z] [WARN] Moving @radix-ui/react-collapsible that was installed by a different package manager to "node_modules/.ignored"
[2026-08-16T00:12:16.359Z] [WARN] Moving @radix-ui/react-context-menu that was installed by a different package manager to "node_modules/.ignored"
[2026-08-16T00:12:16.359Z] [WARN] Moving @radix-ui/react-dialog that was installed by a different package manager to "node_modules/.ignored"
[2026-08-16T00:12:16.359Z] [WARN] Moving @radix-ui/react-dropdown-menu that was installed by a different package manager to "node_modules/.ignored"
[2026-08-16T00:12:16.359Z] [WARN] Moving @radix-ui/react-hover-card that was installed by a different package manager to "node_modules/.ignored"
[2026-08-16T00:12:16.360Z] [WARN] Moving @radix-ui/react-label that was installed by a different package manager to "node_modules/.ignored"
[2026-08-16T00:12:16.360Z] [WARN] Moving @radix-ui/react-menubar that was installed by a different package manager to "node_modules/.ignored"
[2026-08-16T00:12:16.360Z] [WARN] Moving @radix-ui/react-navigation-menu that was installed by a different package manager to "node_modules/.ignored"
[2026-08-16T00:12:16.360Z] [WARN] Moving @radix-ui/react-popover that was installed by a different package manager to "node_modules/.ignored"
[2026-08-16T00:12:16.360Z] [WARN] Moving @radix-ui/react-progress that was installed by a different package manager to "node_modules/.ignored"
[2026-08-16T00:12:16.360Z] [WARN] Moving @radix-ui/react-scroll-area that was installed by a different package manager to "node_modules/.ignored"
[2026-08-16T00:12:16.360Z] [WARN] Moving @radix-ui/react-radio-group that was installed by a different package manager to "node_modules/.ignored"
[2026-08-16T00:12:16.360Z] [WARN] Moving @radix-ui/react-select that was installed by a different package manager to "node_modules/.ignored"
[2026-08-16T00:12:16.360Z] [WARN] Moving @radix-ui/react-separator that was installed by a different package manager to "node_modules/.ignored"
[2026-08-16T00:12:16.360Z] [WARN] Moving @radix-ui/react-slider that was installed by a different package manager to "node_modules/.ignored"
[2026-08-16T00:12:16.360Z] [WARN] Moving @radix-ui/react-slot that was installed by a different package manager to "node_modules/.ignored"
[2026-08-16T00:12:16.360Z] [WARN] Moving @radix-ui/react-switch that was installed by a different package manager to "node_modules/.ignored"
[2026-08-16T00:12:16.360Z] [WARN] Moving @radix-ui/react-tabs that was installed by a different package manager to "node_modules/.ignored"
[2026-08-16T00:12:16.360Z] [WARN] Moving @radix-ui/react-toggle that was installed by a different package manager to "node_modules/.ignored"
[2026-08-16T00:12:16.360Z] [WARN] Moving @radix-ui/react-toggle-group that was installed by a different package manager to "node_modules/.ignored"
[2026-08-16T00:12:16.360Z] [WARN] Moving @radix-ui/react-tooltip that was installed by a different package manager to "node_modules/.ignored"
[2026-08-16T00:12:16.360Z] [WARN] Moving @supabase/supabase-js that was installed by a different package manager to "node_modules/.ignored"
[2026-08-16T00:12:16.360Z] [WARN] Moving @stripe/stripe-js that was installed by a different package manager to "node_modules/.ignored"
[2026-08-16T00:12:16.360Z] [WARN] Moving @tailwindcss/vite that was installed by a different package manager to "node_modules/.ignored"
[2026-08-16T00:12:16.360Z] [WARN] Moving @tanstack/react-query that was installed by a different package manager to "node_modules/.ignored"
[2026-08-16T00:12:16.361Z] [WARN] Moving @tanstack/react-router that was installed by a different package manager to "node_modules/.ignored"
[2026-08-16T00:12:16.361Z] [WARN] Moving @vly-ai/integrations that was installed by a different package manager to "node_modules/.ignored"
[2026-08-16T00:12:16.361Z] [WARN] Moving class-variance-authority that was installed by a different package manager to "node_modules/.ignored"
[2026-08-16T00:12:16.361Z] [WARN] Moving clsx that was installed by a different package manager to "node_modules/.ignored"
[2026-08-16T00:12:16.361Z] [WARN] Moving cmdk that was installed by a different package manager to "node_modules/.ignored"
[2026-08-16T00:12:16.361Z] [WARN] Moving convex that was installed by a different package manager to "node_modules/.ignored"
[2026-08-16T00:12:16.361Z] [WARN] Moving date-fns that was installed by a different package manager to "node_modules/.ignored"
[2026-08-16T00:12:16.361Z] [WARN] Moving embla-carousel-react that was installed by a different package manager to "node_modules/.ignored"
[2026-08-16T00:12:16.361Z] [WARN] Moving framer-motion that was installed by a different package manager to "node_modules/.ignored"
[2026-08-16T00:12:16.361Z] [WARN] Moving input-otp that was installed by a different package manager to "node_modules/.ignored"
[2026-08-16T00:12:16.361Z] [WARN] Moving lucide-react that was installed by a different package manager to "node_modules/.ignored"
[2026-08-16T00:12:16.361Z] [WARN] Moving react that was installed by a different package manager to "node_modules/.ignored"
[2026-08-16T00:12:16.361Z] [WARN] Moving react-day-picker that was installed by a different package manager to "node_modules/.ignored"
[2026-08-16T00:12:16.361Z] [WARN] Moving react-dom that was installed by a different package manager to "node_modules/.ignored"
[2026-08-16T00:12:16.361Z] [WARN] Moving react-hook-form that was installed by a different package manager to "node_modules/.ignored"
[2026-08-16T00:12:16.361Z] [WARN] Moving react-resizable-panels that was installed by a different package manager to "node_modules/.ignored"
[2026-08-16T00:12:16.361Z] [WARN] Moving recharts that was installed by a different package manager to "node_modules/.ignored"
[2026-08-16T00:12:16.361Z] [WARN] Moving sonner that was installed by a different package manager to "node_modules/.ignored"
[2026-08-16T00:12:16.361Z] [WARN] Moving tailwind-merge that was installed by a different package manager to "node_modules/.ignored"
[2026-08-16T00:12:16.361Z] [WARN] Moving tailwindcss that was installed by a different package manager to "node_modules/.ignored"
[2026-08-16T00:12:16.361Z] [WARN] Moving vaul that was installed by a different package manager to "node_modules/.ignored"
[2026-08-16T00:12:16.361Z] [WARN] Moving zod that was installed by a different package manager to "node_modules/.ignored"
[2026-08-16T00:12:16.516Z] Progress: resolved 1, reused 0, downloaded 0, added 0
[2026-08-16T00:12:16.665Z] [WARN] deprecated recharts@2.15.4: 1.x and 2.x branches are no longer active. Bump to Recharts v3 to receive latest features and bugfixes. See https://github.com/recharts/recharts/wiki/3.0-migration-guide
[2026-08-16T00:12:17.516Z] Progress: resolved 67, reused 7, downloaded 60, added 0
[2026-08-16T00:12:18.522Z] Progress: resolved 180, reused 12, downloaded 164, added 0
[2026-08-16T00:12:19.531Z] Progress: resolved 374, reused 34, downloaded 253, added 0
[2026-08-16T00:12:20.268Z] Packages: +363
[2026-08-16T00:12:20.268Z] ++++++++++++++++++++++++++++++++++++++++++++++++++++++++++++++++++++++++++++++++
[2026-08-16T00:12:20.307Z] Packages are hard linked from the content-addressable store to the virtual store.
[2026-08-16T00:12:20.307Z] Content-addressable store is at: /home/ubuntu/.local/share/pnpm/store/v11
[2026-08-16T00:12:20.307Z] Virtual store is at:             node_modules/.pnpm
[2026-08-16T00:12:20.471Z] Progress: resolved 460, reused 59, downloaded 304, added 363, done
[2026-08-16T00:12:20.720Z] dependencies:
[2026-08-16T00:12:20.720Z] + @hookform/resolvers 5.8.0
[2026-08-16T00:12:20.720Z] + @radix-ui/react-accordion 1.2.20
[2026-08-16T00:12:20.720Z] + @radix-ui/react-alert-dialog 1.1.23
[2026-08-16T00:12:20.720Z] + @radix-ui/react-aspect-ratio 1.1.15
[2026-08-16T00:12:20.720Z] + @radix-ui/react-avatar 1.2.6
[2026-08-16T00:12:20.720Z] + @radix-ui/react-checkbox 1.3.11
[2026-08-16T00:12:20.720Z] + @radix-ui/react-collapsible 1.1.20
[2026-08-16T00:12:20.720Z] + @radix-ui/react-context-menu 2.3.7
[2026-08-16T00:12:20.720Z] + @radix-ui/react-dialog 1.1.23
[2026-08-16T00:12:20.720Z] + @radix-ui/react-dropdown-menu 2.1.24
[2026-08-16T00:12:20.720Z] + @radix-ui/react-hover-card 1.1.23
[2026-08-16T00:12:20.720Z] + @radix-ui/react-label 2.1.15
[2026-08-16T00:12:20.720Z] + @radix-ui/react-menubar 1.1.24
[2026-08-16T00:12:20.720Z] + @radix-ui/react-navigation-menu 1.2.22
[2026-08-16T00:12:20.720Z] + @radix-ui/react-popover 1.1.23
[2026-08-16T00:12:20.720Z] + @radix-ui/react-progress 1.1.16
[2026-08-16T00:12:20.720Z] + @radix-ui/react-radio-group 1.4.7
[2026-08-16T00:12:20.720Z] + @radix-ui/react-scroll-area 1.2.18
[2026-08-16T00:12:20.720Z] + @radix-ui/react-select 2.3.7
[2026-08-16T00:12:20.720Z] + @radix-ui/react-separator 1.1.15
[2026-08-16T00:12:20.720Z] + @radix-ui/react-slider 1.4.7
[2026-08-16T00:12:20.720Z] + @radix-ui/react-slot 1.3.3
[2026-08-16T00:12:20.720Z] + @radix-ui/react-switch 1.3.7
[2026-08-16T00:12:20.720Z] + @radix-ui/react-tabs 1.1.21
[2026-08-16T00:12:20.720Z] + @radix-ui/react-toggle 1.1.18
[2026-08-16T00:12:20.720Z] + @radix-ui/react-toggle-group 1.1.19
[2026-08-16T00:12:20.720Z] + @radix-ui/react-tooltip 1.2.16
[2026-08-16T00:12:20.720Z] + @stripe/stripe-js 9.13.0
[2026-08-16T00:12:20.720Z] + @supabase/supabase-js 2.112.3
[2026-08-16T00:12:20.720Z] + @tailwindcss/vite 4.3.3
[2026-08-16T00:12:20.720Z] + @tanstack/react-query 5.101.4
[2026-08-16T00:12:20.720Z] + @tanstack/react-router 1.170.29
[2026-08-16T00:12:20.720Z] + @vly-ai/integrations 0.6.12
[2026-08-16T00:12:20.720Z] + class-variance-authority 0.7.1
[2026-08-16T00:12:20.720Z] + clsx 2.1.1
[2026-08-16T00:12:20.720Z] + cmdk 1.1.1
[2026-08-16T00:12:20.720Z] + convex 1.44.0
[2026-08-16T00:12:20.720Z] + date-fns 4.4.0
[2026-08-16T00:12:20.720Z] + embla-carousel-react 8.6.0
[2026-08-16T00:12:20.720Z] + framer-motion 12.43.0 (13.1.0 is available)
[2026-08-16T00:12:20.720Z] + input-otp 1.4.2
[2026-08-16T00:12:20.720Z] + lucide-react 0.555.0 (1.31.0 is available)
[2026-08-16T00:12:20.720Z] + react 19.2.8
[2026-08-16T00:12:20.720Z] + react-day-picker 9.13.0 (10.0.1 is available)
[2026-08-16T00:12:20.720Z] + react-dom 19.2.8
[2026-08-16T00:12:20.720Z] + react-hook-form 7.85.0
[2026-08-16T00:12:20.720Z] + react-resizable-panels 3.0.6 (4.12.2 is available)
[2026-08-16T00:12:20.720Z] + recharts 2.15.4 (3.10.1 is available) deprecated
[2026-08-16T00:12:20.720Z] + sonner 2.0.8
[2026-08-16T00:12:20.720Z] + tailwind-merge 3.6.0
[2026-08-16T00:12:20.720Z] + tailwindcss 4.3.3
[2026-08-16T00:12:20.720Z] + vaul 1.1.2
[2026-08-16T00:12:20.720Z] + zod 3.25.76 (4.4.3 is available)
[2026-08-16T00:12:20.720Z] devDependencies:
[2026-08-16T00:12:20.720Z] + @eslint/js 9.39.5 (10.0.1 is available)
[2026-08-16T00:12:20.720Z] + @types/node 24.13.3 (26.2.0 is available)
[2026-08-16T00:12:20.720Z] + @types/react 19.2.18
[2026-08-16T00:12:20.720Z] + @types/react-dom 19.2.4
[2026-08-16T00:12:20.720Z] + @vitejs/plugin-react 5.2.0 (6.0.5 is available)
[2026-08-16T00:12:20.720Z] + eslint 9.39.5 (10.8.1 is available)
[2026-08-16T00:12:20.720Z] + eslint-config-prettier 10.1.8
[2026-08-16T00:12:20.720Z] + eslint-plugin-react-hooks 7.1.1
[2026-08-16T00:12:20.720Z] + eslint-plugin-react-refresh 0.4.26 (0.5.4 is available)
[2026-08-16T00:12:20.720Z] + globals 16.5.0 (17.11.0 is available)
[2026-08-16T00:12:20.720Z] + prettier 3.7.3 (3.9.6 is available)
[2026-08-16T00:12:20.720Z] + tw-animate-css 1.4.0
[2026-08-16T00:12:20.720Z] + typescript 5.9.3 (7.0.2 is available)
[2026-08-16T00:12:20.720Z] + typescript-eslint 8.67.0
[2026-08-16T00:12:20.720Z] + vite 7.3.6 (8.2.1 is available)
[2026-08-16T00:12:20.747Z] [ERR_PNPM_IGNORED_BUILDS] Ignored build scripts: esbuild@0.27.0, esbuild@0.28.2
[2026-08-16T00:12:20.747Z] Run "pnpm approve-builds" to pick which dependencies should be allowed to run scripts.
[2026-08-16T00:12:20.814Z] [ERROR] Command failed with exit code 1: pnpm install
[2026-08-16T00:12:20.814Z] pnpm: Command failed with exit code 1: pnpm install
[2026-08-16T00:12:20.814Z] at getFinalError (file:///home/ubuntu/.nvm/versions/node/v22.13.0/lib/node_modules/pnpm/dist/pnpm.mjs:89024:14)
[2026-08-16T00:12:20.814Z] at makeError (file:///home/ubuntu/.nvm/versions/node/v22.13.0/lib/node_modules/pnpm/dist/pnpm.mjs:91331:21)
[2026-08-16T00:12:20.814Z] at getSyncResult (file:///home/ubuntu/.nvm/versions/node/v22.13.0/lib/node_modules/pnpm/dist/pnpm.mjs:93175:10)
[2026-08-16T00:12:20.814Z] at spawnSubprocessSync (file:///home/ubuntu/.nvm/versions/node/v22.13.0/lib/node_modules/pnpm/dist/pnpm.mjs:93135:14)
[2026-08-16T00:12:20.814Z] at execaCoreSync (file:///home/ubuntu/.nvm/versions/node/v22.13.0/lib/node_modules/pnpm/dist/pnpm.mjs:93065:23)
[2026-08-16T00:12:20.814Z] at callBoundExeca (file:///home/ubuntu/.nvm/versions/node/v22.13.0/lib/node_modules/pnpm/dist/pnpm.mjs:95593:23)
[2026-08-16T00:12:20.814Z] at boundExeca (file:///home/ubuntu/.nvm/versions/node/v22.13.0/lib/node_modules/pnpm/dist/pnpm.mjs:95570:49)
[2026-08-16T00:12:20.814Z] at sync2 (file:///home/ubuntu/.nvm/versions/node/v22.13.0/lib/node_modules/pnpm/dist/pnpm.mjs:95725:14)
[2026-08-16T00:12:20.814Z] at runPnpmCli (file:///home/ubuntu/.nvm/versions/node/v22.13.0/lib/node_modules/pnpm/dist/pnpm.mjs:269874:5)
[2026-08-16T00:12:20.814Z] at runDepsStatusCheck (file:///home/ubuntu/.nvm/versions/node/v22.13.0/lib/node_modules/pnpm/dist/pnpm.mjs:271638:7)
[2026-08-16T00:12:20.826Z] Dev server exited with code 1
[2026-08-16T00:12:22.079Z] Starting dev server with command: pnpm run dev
[2026-08-16T00:12:22.640Z] ✓ Lockfile passes supply-chain policies (verified 1s ago)
[2026-08-16T00:12:22.644Z] Lockfile is up to date, resolution step is skipped
[2026-08-16T00:12:22.682Z] Already up to date
[2026-08-16T00:12:23.008Z] [ERR_PNPM_IGNORED_BUILDS] Ignored build scripts: esbuild@0.27.0, esbuild@0.28.2
[2026-08-16T00:12:23.008Z] Run "pnpm approve-builds" to pick which dependencies should be allowed to run scripts.
[2026-08-16T00:12:23.035Z] [ERROR] Command failed with exit code 1: pnpm install
[2026-08-16T00:12:23.035Z] pnpm: Command failed with exit code 1: pnpm install
[2026-08-16T00:12:23.035Z] at getFinalError (file:///home/ubuntu/.nvm/versions/node/v22.13.0/lib/node_modules/pnpm/dist/pnpm.mjs:89024:14)
[2026-08-16T00:12:23.035Z] at makeError (file:///home/ubuntu/.nvm/versions/node/v22.13.0/lib/node_modules/pnpm/dist/pnpm.mjs:91331:21)
[2026-08-16T00:12:23.035Z] at getSyncResult (file:///home/ubuntu/.nvm/versions/node/v22.13.0/lib/node_modules/pnpm/dist/pnpm.mjs:93175:10)
[2026-08-16T00:12:23.035Z] at spawnSubprocessSync (file:///home/ubuntu/.nvm/versions/node/v22.13.0/lib/node_modules/pnpm/dist/pnpm.mjs:93135:14)
[2026-08-16T00:12:23.035Z] at execaCoreSync (file:///home/ubuntu/.nvm/versions/node/v22.13.0/lib/node_modules/pnpm/dist/pnpm.mjs:93065:23)
[2026-08-16T00:12:23.035Z] at callBoundExeca (file:///home/ubuntu/.nvm/versions/node/v22.13.0/lib/node_modules/pnpm/dist/pnpm.mjs:95593:23)
[2026-08-16T00:12:23.035Z] at boundExeca (file:///home/ubuntu/.nvm/versions/node/v22.13.0/lib/node_modules/pnpm/dist/pnpm.mjs:95570:49)
[2026-08-16T00:12:23.035Z] at sync2 (file:///home/ubuntu/.nvm/versions/node/v22.13.0/lib/node_modules/pnpm/dist/pnpm.mjs:95725:14)
[2026-08-16T00:12:23.035Z] at runPnpmCli (file:///home/ubuntu/.nvm/versions/node/v22.13.0/lib/node_modules/pnpm/dist/pnpm.mjs:269874:5)
[2026-08-16T00:12:23.035Z] at runDepsStatusCheck (file:///home/ubuntu/.nvm/versions/node/v22.13.0/lib/node_modules/pnpm/dist/pnpm.mjs:271638:7)
[2026-08-16T00:12:23.050Z] Dev server exited with code 1
[2026-08-16T00:12:57.638Z] Starting dev server with command: pnpm run dev
[2026-08-16T00:12:58.190Z] ✓ Lockfile passes supply-chain policies (verified 37s ago)
[2026-08-16T00:12:58.194Z] Lockfile is up to date, resolution step is skipped
[2026-08-16T00:12:58.232Z] Already up to date
[2026-08-16T00:12:58.550Z] Done in 645ms using pnpm v11.21.0
[2026-08-16T00:12:58.559Z] $ vite
[2026-08-16T00:12:58.892Z] VITE v7.3.6  ready in 308 ms
[2026-08-16T00:12:58.892Z] ➜  Local:   http://localhost:5173/
[2026-08-16T00:12:58.892Z] ➜  Network: http://169.254.0.21:5173/
[2026-08-16T00:18:53.672Z] [ELIFECYCLE] Command failed.
[2026-08-16T00:18:53.679Z] Dev server exited with code -1
[2026-08-16T00:18:54.764Z] Starting dev server with command: pnpm run dev
[2026-08-16T00:18:55.038Z] $ vite
[2026-08-16T00:18:55.293Z] 12:18:55 AM [vite] (client) Re-optimizing dependencies because lockfile has changed
[2026-08-16T00:18:55.307Z] VITE v7.3.6  ready in 244 ms
[2026-08-16T00:18:55.307Z] ➜  Local:   http://localhost:5173/
[2026-08-16T00:18:55.307Z] ➜  Network: http://169.254.0.21:5173/
[2026-08-16T00:30:50.752Z] 12:30:50 AM [vite] (client) hmr update /src/styles.css
[2026-08-16T00:31:21.229Z] [ELIFECYCLE] Command failed.
[2026-08-16T00:31:21.233Z] Dev server exited with code -1
[2026-08-16T00:31:22.322Z] Starting dev server with command: pnpm run dev
[2026-08-16T00:31:22.577Z] $ vite
[2026-08-16T00:31:22.828Z] VITE v7.3.6  ready in 227 ms
[2026-08-16T00:31:22.828Z] ➜  Local:   http://localhost:5173/
[2026-08-16T00:31:22.828Z] ➜  Network: http://169.254.0.21:5173/
[2026-08-16T00:32:08.813Z] 12:32:08 AM [vite] (client) hmr update /src/styles.css
[2026-08-16T00:32:31.504Z] [ELIFECYCLE] Command failed.
[2026-08-16T00:32:31.507Z] Dev server exited with code -1
[2026-08-16T00:32:32.597Z] Starting dev server with command: pnpm run dev
[2026-08-16T00:32:32.856Z] $ vite
[2026-08-16T00:32:33.089Z] VITE v7.3.6  ready in 210 ms
[2026-08-16T00:32:33.090Z] ➜  Local:   http://localhost:5173/
[2026-08-16T00:32:33.090Z] ➜  Network: http://169.254.0.21:5173/
[2026-08-16T00:37:02.693Z] 12:37:02 AM [vite] (client) hmr update /src/styles.css
[2026-08-16T00:37:09.217Z] 12:37:09 AM [vite] (client) hmr update /src/routes/index.tsx, /src/styles.css
[2026-08-16T00:38:25.056Z] 12:38:25 AM [vite] (client) hmr update /src/styles.css
[2026-08-16T00:38:47.232Z] [ELIFECYCLE] Command failed.
[2026-08-16T00:38:47.237Z] Dev server exited with code -1
[2026-08-16T00:38:48.324Z] Starting dev server with command: pnpm run dev
[2026-08-16T00:38:48.578Z] $ vite
[2026-08-16T00:38:48.857Z] VITE v7.3.6  ready in 256 ms
[2026-08-16T00:38:48.857Z] ➜  Local:   http://localhost:5173/
[2026-08-16T00:38:48.857Z] ➜  Network: http://169.254.0.21:5173/
[2026-08-16T00:42:48.833Z] 12:42:48 AM [vite] (client) hmr update /src/styles.css
[2026-08-16T00:42:55.548Z] 12:42:55 AM [vite] (client) hmr update /src/styles.css
[2026-08-16T00:43:02.289Z] 12:43:02 AM [vite] (client) hmr update /src/styles.css
[2026-08-16T00:43:29.517Z] [ELIFECYCLE] Command failed.
[2026-08-16T00:43:29.521Z] Dev server exited with code -1
[2026-08-16T00:43:30.623Z] Starting dev server with command: pnpm run dev
[2026-08-16T00:43:30.883Z] $ vite
[2026-08-16T00:43:31.148Z] VITE v7.3.6  ready in 241 ms
[2026-08-16T00:43:31.148Z] ➜  Local:   http://localhost:5173/
[2026-08-16T00:43:31.148Z] ➜  Network: http://169.254.0.21:5173/
[2026-08-16T00:47:49.257Z] 12:47:49 AM [vite] (client) hmr update /src/styles.css, /src/components/engine/AsternalEditor.tsx
[2026-08-16T00:48:00.301Z] 12:48:00 AM [vite] (client) hmr update /src/styles.css
[2026-08-16T00:48:21.112Z] [ELIFECYCLE] Command failed.
[2026-08-16T00:48:21.118Z] Dev server exited with code -1
[2026-08-16T00:48:22.202Z] Starting dev server with command: pnpm run dev
[2026-08-16T00:48:22.464Z] $ vite
[2026-08-16T00:48:22.727Z] VITE v7.3.6  ready in 238 ms
[2026-08-16T00:48:22.727Z] ➜  Local:   http://localhost:5173/
[2026-08-16T00:48:22.727Z] ➜  Network: http://169.254.0.21:5173/
[2026-08-16T00:54:57.775Z] 12:54:57 AM [vite] (client) hmr update /src/styles.css, /src/components/social/ProfilePanel.tsx
[2026-08-16T00:55:23.121Z] 12:55:23 AM [vite] (client) hmr update /src/routes/profile.$userId.tsx, /src/styles.css
[2026-08-16T00:55:26.464Z] 12:55:26 AM [vite] (client) hmr update /src/styles.css, /src/components/social/ProfilePanel.tsx
[2026-08-16T00:55:46.499Z] [ELIFECYCLE] Command failed.
[2026-08-16T00:55:46.505Z] Dev server exited with code -1
[2026-08-16T00:55:47.592Z] Starting dev server with command: pnpm run dev
[2026-08-16T00:55:47.853Z] $ vite
[2026-08-16T00:55:48.107Z] 12:55:48 AM [vite] (client) Re-optimizing dependencies because lockfile has changed
[2026-08-16T00:55:48.122Z] VITE v7.3.6  ready in 245 ms
[2026-08-16T00:55:48.122Z] ➜  Local:   http://localhost:5173/
[2026-08-16T00:55:48.122Z] ➜  Network: http://169.254.0.21:5173/
[2026-08-16T00:58:34.039Z] 12:58:34 AM [vite] (client) hmr update /src/styles.css, /src/components/engine/AsternalEditor.tsx
[2026-08-16T00:58:54.551Z] [ELIFECYCLE] Command failed.
[2026-08-16T00:58:54.556Z] Dev server exited with code -1
[2026-08-16T00:58:55.644Z] Starting dev server with command: pnpm run dev
[2026-08-16T00:58:55.908Z] $ vite
[2026-08-16T00:58:56.151Z] VITE v7.3.6  ready in 219 ms
[2026-08-16T00:58:56.151Z] ➜  Local:   http://localhost:5173/
[2026-08-16T00:58:56.152Z] ➜  Network: http://169.254.0.21:5173/
[2026-08-16T01:02:44.854Z] 1:02:44 AM [vite] (client) hmr update /src/routes/profile.$userId.tsx, /src/styles.css
[2026-08-16T01:02:48.905Z] 1:02:48 AM [vite] (client) hmr update /src/styles.css, /src/components/social/ProfilePanel.tsx
[2026-08-16T01:02:57.654Z] 1:02:57 AM [vite] (client) hmr update /src/routes/auth.tsx, /src/styles.css
[2026-08-16T01:03:29.046Z] [ELIFECYCLE] Command failed.
[2026-08-16T01:03:29.050Z] Dev server exited with code -1
[2026-08-16T01:03:30.138Z] Starting dev server with command: pnpm run dev
[2026-08-16T01:03:30.400Z] $ vite
[2026-08-16T01:03:30.673Z] VITE v7.3.6  ready in 247 ms
[2026-08-16T01:03:30.673Z] ➜  Local:   http://localhost:5173/
[2026-08-16T01:03:30.673Z] ➜  Network: http://169.254.0.21:5173/
[2026-08-16T01:03:49.909Z] 1:03:49 AM [vite] vite.config.ts changed, restarting server...
[2026-08-16T01:03:49.925Z] 1:03:49 AM [vite] server restarted.
[2026-08-16T01:03:52.363Z] [ELIFECYCLE] Command failed.
[2026-08-16T01:03:52.369Z] Dev server exited with code -1
[2026-08-16T01:03:53.456Z] Starting dev server with command: pnpm run dev
[2026-08-16T01:03:53.715Z] $ vite
[2026-08-16T01:03:53.978Z] VITE v7.3.6  ready in 239 ms
[2026-08-16T01:03:53.979Z] ➜  Local:   http://localhost:5173/
[2026-08-16T01:03:53.979Z] ➜  Network: http://169.254.0.21:5173/
[2026-08-16T01:18:30.032Z] 1:18:30 AM [vite] (client) hmr update /src/styles.css, /src/routes/feed.tsx
[2026-08-16T01:18:30.469Z] 1:18:30 AM [vite] (client) hmr invalidate /src/routes/feed.tsx Could not Fast Refresh ("Route" export is incompatible). Learn more at https://github.com/vitejs/vite-plugin-react/tree/main/packages/plugin-react#consistent-components-exports
[2026-08-16T01:18:30.470Z] 1:18:30 AM [vite] (client) hmr update /src/main.tsx
[2026-08-16T01:18:30.520Z] 1:18:30 AM [vite] (client) hmr invalidate /src/main.tsx Could not Fast Refresh ("true" export is incompatible). Learn more at https://github.com/vitejs/vite-plugin-react/tree/main/packages/plugin-react#consistent-components-exports
[2026-08-16T01:18:30.520Z] 1:18:30 AM [vite] (client) page reload src/main.tsx
[2026-08-16T01:19:16.364Z] 1:19:16 AM [vite] (client) hmr update /src/styles.css, /src/components/social/ProfilePanel.tsx
[2026-08-16T01:19:19.522Z] 1:19:19 AM [vite] (client) hmr update /src/styles.css, /src/components/social/UserName.tsx
[2026-08-16T01:19:23.649Z] 1:19:23 AM [vite] (client) hmr update /src/styles.css, /src/components/social/ProfilePanel.tsx
[2026-08-16T01:27:11.617Z] 1:27:11 AM [vite] (client) hmr update /src/styles.css, /src/components/social/GlobalSearchPanel.tsx
[2026-08-16T01:27:17.691Z] 1:27:17 AM [vite] (client) hmr update /src/styles.css, /src/components/social/GlobalSearchPanel.tsx
[2026-08-16T01:27:29.000Z] 1:27:28 AM [vite] (client) hmr update /src/styles.css, /src/components/social/GlobalSearchPanel.tsx
[2026-08-16T01:27:35.038Z] 1:27:35 AM [vite] (client) hmr update /src/styles.css, /src/components/social/GlobalSearchPanel.tsx
[2026-08-16T01:27:58.366Z] 1:27:58 AM [vite] (client) hmr update /src/styles.css, /src/components/social/GlobalSearchPanel.tsx
[2026-08-16T01:32:33.554Z] 1:32:33 AM [vite] (client) hmr update /src/styles.css, /src/components/social/GlobalSearchPanel.tsx
[2026-08-16T01:32:56.909Z] 1:32:56 AM [vite] (client) hmr update /src/styles.css, /src/routes/index.tsx
[2026-08-16T01:32:57.050Z] 1:32:57 AM [vite] (client) hmr invalidate /src/routes/index.tsx Could not Fast Refresh ("Route" export is incompatible). Learn more at https://github.com/vitejs/vite-plugin-react/tree/main/packages/plugin-react#consistent-components-exports
[2026-08-16T01:32:57.051Z] 1:32:57 AM [vite] (client) hmr update /src/main.tsx
[2026-08-16T01:32:57.126Z] 1:32:57 AM [vite] (client) hmr invalidate /src/main.tsx Could not Fast Refresh ("true" export is incompatible). Learn more at https://github.com/vitejs/vite-plugin-react/tree/main/packages/plugin-react#consistent-components-exports
[2026-08-16T01:32:57.126Z] 1:32:57 AM [vite] (client) page reload src/main.tsx
[2026-08-16T01:33:41.583Z] 1:33:41 AM [vite] (client) hmr update /src/main.tsx, /src/styles.css
[2026-08-16T01:33:41.767Z] 1:33:41 AM [vite] (client) hmr invalidate /src/main.tsx Could not Fast Refresh ("true" export is incompatible). Learn more at https://github.com/vitejs/vite-plugin-react/tree/main/packages/plugin-react#consistent-components-exports
[2026-08-16T01:33:41.767Z] 1:33:41 AM [vite] (client) page reload src/main.tsx
[2026-08-16T01:33:47.249Z] 1:33:47 AM [vite] (client) hmr update /src/main.tsx, /src/styles.css
[2026-08-16T01:33:47.344Z] 1:33:47 AM [vite] (client) hmr invalidate /src/main.tsx Could not Fast Refresh ("true" export is incompatible). Learn more at https://github.com/vitejs/vite-plugin-react/tree/main/packages/plugin-react#consistent-components-exports
[2026-08-16T01:33:47.344Z] 1:33:47 AM [vite] (client) page reload src/main.tsx
[2026-08-16T01:41:09.482Z] 1:41:09 AM [vite] (client) hmr update /src/styles.css, /src/routes/feed.tsx
[2026-08-16T01:41:09.683Z] 1:41:09 AM [vite] (client) hmr invalidate /src/routes/feed.tsx Could not Fast Refresh ("Route" export is incompatible). Learn more at https://github.com/vitejs/vite-plugin-react/tree/main/packages/plugin-react#consistent-components-exports
[2026-08-16T01:41:09.683Z] 1:41:09 AM [vite] (client) hmr update /src/main.tsx
[2026-08-16T01:41:09.783Z] 1:41:09 AM [vite] (client) hmr invalidate /src/main.tsx Could not Fast Refresh ("true" export is incompatible). Learn more at https://github.com/vitejs/vite-plugin-react/tree/main/packages/plugin-react#consistent-components-exports
[2026-08-16T01:41:09.783Z] 1:41:09 AM [vite] (client) page reload src/main.tsx
[2026-08-16T01:41:14.398Z] 1:41:14 AM [vite] (client) hmr update /src/styles.css, /src/components/social/PostCard.tsx
[2026-08-16T01:42:17.350Z] [ELIFECYCLE] Command failed.
[2026-08-16T01:42:17.356Z] Dev server exited with code -1
[2026-08-16T01:42:18.442Z] Starting dev server with command: pnpm run dev
[2026-08-16T01:42:18.714Z] $ vite
[2026-08-16T01:42:18.982Z] VITE v7.3.6  ready in 244 ms
[2026-08-16T01:42:18.982Z] ➜  Local:   http://localhost:5173/
[2026-08-16T01:42:18.982Z] ➜  Network: http://169.254.0.21:5173/
[2026-08-16T01:46:54.970Z] 1:46:54 AM [vite] (client) hmr update /src/styles.css, /src/components/social/ProfilePanel.tsx
[2026-08-16T01:47:06.661Z] 1:47:06 AM [vite] (client) hmr update /src/routes/index.tsx, /src/styles.css
[2026-08-16T01:47:06.766Z] 1:47:06 AM [vite] (client) hmr invalidate /src/routes/index.tsx Could not Fast Refresh ("Route" export is incompatible). Learn more at https://github.com/vitejs/vite-plugin-react/tree/main/packages/plugin-react#consistent-components-exports
[2026-08-16T01:47:06.766Z] 1:47:06 AM [vite] (client) hmr update /src/main.tsx
[2026-08-16T01:47:06.831Z] 1:47:06 AM [vite] (client) hmr invalidate /src/main.tsx Could not Fast Refresh ("true" export is incompatible). Learn more at https://github.com/vitejs/vite-plugin-react/tree/main/packages/plugin-react#consistent-components-exports
[2026-08-16T01:47:06.831Z] 1:47:06 AM [vite] (client) page reload src/main.tsx
[2026-08-16T01:53:35.805Z] 1:53:35 AM [vite] (client) hmr update /src/styles.css, /src/routes/admin.tsx, /src/components/social/GlobalSearchPanel.tsx, /src/components/social/ChatSection.tsx, /src/components/social/WorkChatPanel.tsx
[2026-08-16T01:53:36.025Z] 1:53:36 AM [vite] (client) hmr invalidate /src/routes/admin.tsx Could not Fast Refresh ("Route" export is incompatible). Learn more at https://github.com/vitejs/vite-plugin-react/tree/main/packages/plugin-react#consistent-components-exports
[2026-08-16T01:53:36.025Z] 1:53:36 AM [vite] (client) hmr update /src/main.tsx
[2026-08-16T01:53:36.143Z] 1:53:36 AM [vite] (client) hmr invalidate /src/main.tsx Could not Fast Refresh ("true" export is incompatible). Learn more at https://github.com/vitejs/vite-plugin-react/tree/main/packages/plugin-react#consistent-components-exports
[2026-08-16T01:53:36.143Z] 1:53:36 AM [vite] (client) page reload src/main.tsx
[2026-08-16T01:58:32.953Z] 1:58:32 AM [vite] (client) hmr update /src/styles.css, /src/components/social/GlobalSearchPanel.tsx
[2026-08-16T01:58:32.962Z] 1:58:32 AM [vite] (client) hmr update /src/routes/index.tsx, /src/styles.css
[2026-08-16T01:58:33.360Z] 1:58:33 AM [vite] (client) hmr invalidate /src/routes/index.tsx Could not Fast Refresh ("Route" export is incompatible). Learn more at https://github.com/vitejs/vite-plugin-react/tree/main/packages/plugin-react#consistent-components-exports
[2026-08-16T01:58:33.360Z] 1:58:33 AM [vite] (client) hmr update /src/main.tsx
[2026-08-16T01:58:33.396Z] 1:58:33 AM [vite] (client) hmr invalidate /src/main.tsx Could not Fast Refresh ("true" export is incompatible). Learn more at https://github.com/vitejs/vite-plugin-react/tree/main/packages/plugin-react#consistent-components-exports
[2026-08-16T01:58:33.396Z] 1:58:33 AM [vite] (client) page reload src/main.tsx
[2026-08-16T02:05:51.577Z] 2:05:51 AM [vite] (client) hmr update /src/styles.css, /src/components/ai/OrionPanel.tsx
[2026-08-16T02:05:51.579Z] 2:05:51 AM [vite] (client) hmr update /src/routes/index.tsx, /src/styles.css
[2026-08-16T02:05:51.593Z] 2:05:51 AM [vite] (client) hmr update /src/styles.css, /src/routes/profile.tsx, /src/routes/orbes.tsx, /src/routes/profile.$userId.tsx, /src/routes/index.tsx, /src/routes/feed.tsx, /src/routes/admin.tsx, /src/routes/plus.tsx, /src/components/social/ProfilePanel.tsx, /src/components/social/PostCard.tsx, /src/components/social/GamesHome.tsx, /src/components/social/PostComposer.tsx, /src/components/social/NotificationsPanel.tsx, /src/components/social/ChatSection.tsx, /src/components/social/EventsSection.tsx, /src/components/social/NotificationBell.tsx, /src/components/engine/AsternalEditor.tsx, /src/components/engine/ProjectManager.tsx, /src/components/social/GallerySection.tsx, /src/components/social/UserName.tsx, /src/components/social/GlobalSearchPanel.tsx, /src/components/social/WorkChatPanel.tsx, /src/components/social/GameCard.tsx, /src/components/engine/PublishGameDialog.tsx, /src/components/social/HistorySection.tsx, /src/components/social/CommentSection.tsx
[2026-08-16T02:05:52.020Z] 2:05:52 AM [vite] (client) hmr invalidate /src/routes/index.tsx Could not Fast Refresh ("Route" export is incompatible). Learn more at https://github.com/vitejs/vite-plugin-react/tree/main/packages/plugin-react#consistent-components-exports
[2026-08-16T02:05:52.020Z] 2:05:52 AM [vite] (client) hmr update /src/main.tsx
[2026-08-16T02:05:52.058Z] 2:05:52 AM [vite] (client) hmr invalidate /src/routes/profile.tsx Could not Fast Refresh ("Route" export is incompatible). Learn more at https://github.com/vitejs/vite-plugin-react/tree/main/packages/plugin-react#consistent-components-exports
[2026-08-16T02:05:52.058Z] 2:05:52 AM [vite] (client) hmr update /src/main.tsx
[2026-08-16T02:05:52.058Z] 2:05:52 AM [vite] (client) hmr invalidate /src/routes/orbes.tsx Could not Fast Refresh ("Route" export is incompatible). Learn more at https://github.com/vitejs/vite-plugin-react/tree/main/packages/plugin-react#consistent-components-exports
[2026-08-16T02:05:52.058Z] 2:05:52 AM [vite] (client) hmr update /src/main.tsx
[2026-08-16T02:05:52.058Z] 2:05:52 AM [vite] (client) hmr invalidate /src/routes/profile.$userId.tsx Could not Fast Refresh ("Route" export is incompatible). Learn more at https://github.com/vitejs/vite-plugin-react/tree/main/packages/plugin-react#consistent-components-exports
[2026-08-16T02:05:52.058Z] 2:05:52 AM [vite] (client) hmr update /src/main.tsx
[2026-08-16T02:05:52.058Z] 2:05:52 AM [vite] (client) hmr invalidate /src/routes/feed.tsx Could not Fast Refresh ("Route" export is incompatible). Learn more at https://github.com/vitejs/vite-plugin-react/tree/main/packages/plugin-react#consistent-components-exports
[2026-08-16T02:05:52.059Z] 2:05:52 AM [vite] (client) hmr update /src/main.tsx
[2026-08-16T02:05:52.059Z] 2:05:52 AM [vite] (client) hmr invalidate /src/routes/admin.tsx Could not Fast Refresh ("Route" export is incompatible). Learn more at https://github.com/vitejs/vite-plugin-react/tree/main/packages/plugin-react#consistent-components-exports
[2026-08-16T02:05:52.059Z] 2:05:52 AM [vite] (client) hmr update /src/main.tsx
[2026-08-16T02:05:52.059Z] 2:05:52 AM [vite] (client) hmr invalidate /src/routes/plus.tsx Could not Fast Refresh ("Route" export is incompatible). Learn more at https://github.com/vitejs/vite-plugin-react/tree/main/packages/plugin-react#consistent-components-exports
[2026-08-16T02:05:52.059Z] 2:05:52 AM [vite] (client) hmr update /src/main.tsx
[2026-08-16T02:05:52.155Z] 2:05:52 AM [vite] (client) hmr invalidate /src/main.tsx Could not Fast Refresh ("true" export is incompatible). Learn more at https://github.com/vitejs/vite-plugin-react/tree/main/packages/plugin-react#consistent-components-exports
[2026-08-16T02:05:52.155Z] 2:05:52 AM [vite] (client) page reload src/main.tsx
[2026-08-16T02:06:20.036Z] 2:06:20 AM [vite] (client) hmr update /src/styles.css, /src/components/social/PostCard.tsx
[2026-08-16T02:17:39.379Z] 2:17:39 AM [vite] (client) hmr update /src/routes/orbes.tsx, /src/styles.css
[2026-08-16T02:17:39.602Z] 2:17:39 AM [vite] (client) hmr invalidate /src/routes/orbes.tsx Could not Fast Refresh ("Route" export is incompatible). Learn more at https://github.com/vitejs/vite-plugin-react/tree/main/packages/plugin-react#consistent-components-exports
[2026-08-16T02:17:39.603Z] 2:17:39 AM [vite] (client) hmr update /src/main.tsx
[2026-08-16T02:17:39.711Z] 2:17:39 AM [vite] (client) hmr invalidate /src/main.tsx Could not Fast Refresh ("true" export is incompatible). Learn more at https://github.com/vitejs/vite-plugin-react/tree/main/packages/plugin-react#consistent-components-exports
[2026-08-16T02:17:39.711Z] 2:17:39 AM [vite] (client) page reload src/main.tsx
[2026-08-16T02:17:39.942Z] 2:17:39 AM [vite] (client) hmr update /src/styles.css, /src/components/social/ProfilePanel.tsx
[2026-08-16T02:20:47.461Z] [ELIFECYCLE] Command failed.
[2026-08-16T02:20:47.466Z] Dev server exited with code -1
[2026-08-16T02:20:48.573Z] Starting dev server with command: pnpm run dev
[2026-08-16T02:20:49.228Z] ✓ Lockfile passes supply-chain policies (verified 1h ago)
[2026-08-16T02:20:49.311Z] Progress: resolved 1, reused 0, downloaded 0, added 0
[2026-08-16T02:20:49.528Z] [WARN] deprecated recharts@2.15.4: 1.x and 2.x branches are no longer active. Bump to Recharts v3 to receive latest features and bugfixes. See https://github.com/recharts/recharts/wiki/3.0-migration-guide
[2026-08-16T02:20:50.313Z] Progress: resolved 196, reused 188, downloaded 6, added 0
[2026-08-16T02:20:51.318Z] Progress: resolved 515, reused 388, downloaded 29, added 0
[2026-08-16T02:20:51.483Z] Packages: +30
[2026-08-16T02:20:51.483Z] ++++++++++++++++++++++++++++++
[2026-08-16T02:20:51.528Z] Progress: resolved 518, reused 391, downloaded 30, added 30, done
[2026-08-16T02:20:51.771Z] dependencies:
[2026-08-16T02:20:51.771Z] + @aws-sdk/client-s3 3.1111.0
[2026-08-16T02:20:51.771Z] + @aws-sdk/s3-request-presigner 3.1111.0
[2026-08-16T02:20:51.771Z] + @trpc/client 11.18.0
[2026-08-16T02:20:51.771Z] + @trpc/react-query 11.18.0
[2026-08-16T02:20:51.771Z] + @trpc/server 11.18.0
[2026-08-16T02:20:51.771Z] + jose 6.1.0
[2026-08-16T02:20:51.800Z] Done in 2.8s using pnpm v11.21.0
[2026-08-16T02:20:51.853Z] $ vite
[2026-08-16T02:20:51.969Z] ▲ [WARNING] Duplicate key "@tanstack/react-query" in object literal [duplicate-object-key]
[2026-08-16T02:20:51.969Z] package.json:50:4:
[2026-08-16T02:20:51.969Z] 50 │     "@tanstack/react-query": "^5.83.0",
[2026-08-16T02:20:51.969Z] ╵     ~~~~~~~~~~~~~~~~~~~~~~~
[2026-08-16T02:20:51.969Z] The original key "@tanstack/react-query" is here:
[2026-08-16T02:20:51.969Z] package.json:43:4:
[2026-08-16T02:20:51.969Z] 43 │     "@tanstack/react-query": "^5.90.2",
[2026-08-16T02:20:51.969Z] ╵     ~~~~~~~~~~~~~~~~~~~~~~~
[2026-08-16T02:20:52.160Z] 2:20:52 AM [vite] (client) Re-optimizing dependencies because lockfile has changed
[2026-08-16T02:20:52.180Z] VITE v7.3.6  ready in 303 ms
[2026-08-16T02:20:52.180Z] ➜  Local:   http://localhost:5173/
[2026-08-16T02:20:52.180Z] ➜  Network: http://169.254.0.21:5173/
[2026-08-16T02:21:51.344Z] 2:21:51 AM [vite] (client) hmr update /src/styles.css, /src/components/social/NotificationsPanel.tsx
[2026-08-16T02:23:48.943Z] 2:23:48 AM [vite] (client) hmr update /src/styles.css, /src/components/ai/OrionPanel.tsx
[2026-08-16T02:23:53.333Z] 2:23:53 AM [vite] (client) hmr update /src/styles.css, /src/components/social/ProfilePanel.tsx
[2026-08-16T02:23:56.739Z] 2:23:56 AM [vite] (client) hmr update /src/styles.css, /src/components/social/NotificationBell.tsx
[2026-08-16T02:28:06.023Z] 2:28:06 AM [vite] (client) hmr update /src/main.tsx, /src/styles.css
[2026-08-16T02:28:06.448Z] 2:28:06 AM [vite] (client) hmr invalidate /src/main.tsx Could not Fast Refresh ("true" export is incompatible). Learn more at https://github.com/vitejs/vite-plugin-react/tree/main/packages/plugin-react#consistent-components-exports
[2026-08-16T02:28:06.449Z] 2:28:06 AM [vite] (client) page reload src/main.tsx
[2026-08-16T02:28:25.187Z] 2:28:25 AM [vite] (client) hmr update /src/main.tsx, /src/styles.css
[2026-08-16T02:28:25.283Z] 2:28:25 AM [vite] (client) hmr invalidate /src/main.tsx Could not Fast Refresh ("true" export is incompatible). Learn more at https://github.com/vitejs/vite-plugin-react/tree/main/packages/plugin-react#consistent-components-exports
[2026-08-16T02:28:25.283Z] 2:28:25 AM [vite] (client) page reload src/main.tsx
[2026-08-16T02:28:25.289Z] 2:28:25 AM [vite] (client) page reload src/routes/notifications-qa.tsx
[2026-08-16T02:34:24.818Z] 2:34:24 AM [vite] (client) hmr update /src/styles.css, /src/components/social/GamesHome.tsx
[2026-08-16T02:34:29.082Z] 2:34:29 AM [vite] (client) hmr update /src/styles.css, /src/components/ai/OrionPanel.tsx
[2026-08-16T02:35:30.541Z] 2:35:30 AM [vite] (client) hmr update /src/styles.css, /src/components/social/ChatSection.tsx
[2026-08-16T02:35:33.882Z] 2:35:33 AM [vite] (client) hmr update /src/styles.css, /src/components/social/ChatSection.tsx
[2026-08-16T02:43:11.272Z] 2:43:11 AM [vite] (client) hmr update /src/styles.css, /src/components/social/GamesHome.tsx
[2026-08-16T02:44:03.410Z] 2:44:03 AM [vite] (client) hmr update /src/styles.css, /src/components/social/WorkChatPanel.tsx
[2026-08-16T02:44:14.665Z] 2:44:14 AM [vite] (client) hmr update /src/styles.css, /src/components/social/WorkChatPanel.tsx
[2026-08-16T02:52:50.306Z] 2:52:50 AM [vite] (client) hmr update /src/styles.css, /src/components/social/GlobalSearchPanel.tsx, /src/routes/index.tsx, /src/components/engine/AsternalEditor.tsx, /src/components/engine/ProjectManager.tsx, /src/components/social/GameCard.tsx
[2026-08-16T02:52:50.323Z] 2:52:50 AM [vite] (client) hmr update /src/styles.css, /src/components/engine/PaintEditor.tsx, /src/components/engine/AsternalEditor.tsx, /src/components/social/GlobalSearchPanel.tsx, /src/routes/index.tsx, /src/components/engine/ProjectManager.tsx, /src/components/social/GameCard.tsx, /src/components/social/GalleryCanvasPanel.tsx, /src/components/engine/SceneEditor.tsx, /src/components/engine/GameRuntime.tsx, /src/components/engine/UIEditor.tsx, /src/components/engine/AnimationEditor.tsx, /src/components/engine/ScriptEditor.tsx
[2026-08-16T02:52:50.578Z] 2:52:50 AM [vite] (client) hmr invalidate /src/routes/index.tsx Could not Fast Refresh ("Route" export is incompatible). Learn more at https://github.com/vitejs/vite-plugin-react/tree/main/packages/plugin-react#consistent-components-exports
[2026-08-16T02:52:50.578Z] 2:52:50 AM [vite] (client) hmr update /src/main.tsx
[2026-08-16T02:52:50.660Z] 2:52:50 AM [vite] (client) hmr invalidate /src/main.tsx Could not Fast Refresh ("true" export is incompatible). Learn more at https://github.com/vitejs/vite-plugin-react/tree/main/packages/plugin-react#consistent-components-exports
[2026-08-16T02:52:50.660Z] 2:52:50 AM [vite] (client) page reload src/main.tsx
[2026-08-16T02:56:42.454Z] 2:56:42 AM [vite] (client) hmr update /src/styles.css, /src/components/engine/PaintEditor.tsx, /src/components/engine/AsternalEditor.tsx, /src/components/social/GlobalSearchPanel.tsx, /src/routes/index.tsx, /src/components/engine/ProjectManager.tsx, /src/components/social/GameCard.tsx, /src/components/social/GalleryCanvasPanel.tsx, /src/components/engine/SceneEditor.tsx, /src/components/engine/GameRuntime.tsx, /src/components/engine/UIEditor.tsx, /src/components/engine/AnimationEditor.tsx, /src/components/engine/ScriptEditor.tsx
[2026-08-16T02:56:42.763Z] 2:56:42 AM [vite] (client) hmr invalidate /src/routes/index.tsx Could not Fast Refresh ("Route" export is incompatible). Learn more at https://github.com/vitejs/vite-plugin-react/tree/main/packages/plugin-react#consistent-components-exports
[2026-08-16T02:56:42.763Z] 2:56:42 AM [vite] (client) hmr update /src/main.tsx
[2026-08-16T02:56:42.763Z] 2:56:42 AM [vite] (client) hmr invalidate /src/components/engine/GameRuntime.tsx Could not Fast Refresh ("drawEntity" export is incompatible). Learn more at https://github.com/vitejs/vite-plugin-react/tree/main/packages/plugin-react#consistent-components-exports
[2026-08-16T02:56:42.763Z] 2:56:42 AM [vite] (client) hmr update /src/components/engine/AsternalEditor.tsx, /src/components/social/GameCard.tsx, /src/components/engine/UIEditor.tsx
[2026-08-16T02:56:42.764Z] 2:56:42 AM [vite] (client) hmr invalidate /src/components/engine/UIEditor.tsx Could not Fast Refresh ("drawUIElement" export is incompatible). Learn more at https://github.com/vitejs/vite-plugin-react/tree/main/packages/plugin-react#consistent-components-exports
[2026-08-16T02:56:42.764Z] 2:56:42 AM [vite] (client) hmr update /src/components/engine/AsternalEditor.tsx, /src/components/engine/GameRuntime.tsx
[2026-08-16T02:56:43.052Z] 2:56:43 AM [vite] (client) hmr invalidate /src/main.tsx Could not Fast Refresh ("true" export is incompatible). Learn more at https://github.com/vitejs/vite-plugin-react/tree/main/packages/plugin-react#consistent-components-exports
[2026-08-16T02:56:43.052Z] 2:56:43 AM [vite] (client) page reload src/main.tsx
[2026-08-16T02:57:20.992Z] 2:57:20 AM [vite] (client) hmr update /src/styles.css, /src/components/engine/AsternalEditor.tsx
[2026-08-16T02:57:21.190Z] 2:57:21 AM [vite] Internal server error: Failed to resolve import "./TransformInspector" from "src/components/engine/AsternalEditor.tsx". Does the file exist?
[2026-08-16T02:57:21.190Z] Plugin: vite:import-analysis
[2026-08-16T02:57:21.190Z] File: /home/ubuntu/asternal-engine/src/components/engine/AsternalEditor.tsx:19:35
[2026-08-16T02:57:21.190Z] 17 |  import { UIEditor } from "./UIEditor";
[2026-08-16T02:57:21.190Z] 18 |  import { ProjectManager } from "./ProjectManager";
[2026-08-16T02:57:21.190Z] 19 |  import { TransformInspector } from "./TransformInspector";
[2026-08-16T02:57:21.190Z] |                                      ^
[2026-08-16T02:57:21.190Z] 20 |  import { Dialog, DialogContent, DialogDescription, DialogHeader, DialogTitle } from "@/components/ui/dialog";
[2026-08-16T02:57:21.190Z] 21 |  import { ScriptEditor } from "./ScriptEditor";
[2026-08-16T02:57:21.190Z] at TransformPluginContext._formatLog (file:///home/ubuntu/asternal-engine/node_modules/.pnpm/vite@7.3.6_@types+node@24.13.3_jiti@2.7.0_lightningcss@1.32.0/node_modules/vite/dist/node/chunks/config.js:29079:43)
[2026-08-16T02:57:21.190Z] at TransformPluginContext.error (file:///home/ubuntu/asternal-engine/node_modules/.pnpm/vite@7.3.6_@types+node@24.13.3_jiti@2.7.0_lightningcss@1.32.0/node_modules/vite/dist/node/chunks/config.js:29076:14)
[2026-08-16T02:57:21.190Z] at normalizeUrl (file:///home/ubuntu/asternal-engine/node_modules/.pnpm/vite@7.3.6_@types+node@24.13.3_jiti@2.7.0_lightningcss@1.32.0/node_modules/vite/dist/node/chunks/config.js:27199:18)
[2026-08-16T02:57:21.190Z] at process.processTicksAndRejections (node:internal/process/task_queues:105:5)
[2026-08-16T02:57:21.190Z] at async file:///home/ubuntu/asternal-engine/node_modules/.pnpm/vite@7.3.6_@types+node@24.13.3_jiti@2.7.0_lightningcss@1.32.0/node_modules/vite/dist/node/chunks/config.js:27257:32
[2026-08-16T02:57:21.190Z] at async Promise.all (index 17)
[2026-08-16T02:57:21.190Z] at async TransformPluginContext.transform (file:///home/ubuntu/asternal-engine/node_modules/.pnpm/vite@7.3.6_@types+node@24.13.3_jiti@2.7.0_lightningcss@1.32.0/node_modules/vite/dist/node/chunks/config.js:27225:4)
[2026-08-16T02:57:21.190Z] at async EnvironmentPluginContainer.transform (file:///home/ubuntu/asternal-engine/node_modules/.pnpm/vite@7.3.6_@types+node@24.13.3_jiti@2.7.0_lightningcss@1.32.0/node_modules/vite/dist/node/chunks/config.js:28877:14)
[2026-08-16T02:57:21.190Z] at async loadAndTransform (file:///home/ubuntu/asternal-engine/node_modules/.pnpm/vite@7.3.6_@types+node@24.13.3_jiti@2.7.0_lightningcss@1.32.0/node_modules/vite/dist/node/chunks/config.js:22746:26)
[2026-08-16T02:57:21.190Z] at async viteTransformMiddleware (file:///home/ubuntu/asternal-engine/node_modules/.pnpm/vite@7.3.6_@types+node@24.13.3_jiti@2.7.0_lightningcss@1.32.0/node_modules/vite/dist/node/chunks/config.js:24622:20)
[2026-08-16T02:57:37.190Z] 2:57:37 AM [vite] (client) hmr update /src/main.tsx
[2026-08-16T02:57:37.387Z] 2:57:37 AM [vite] (client) hmr invalidate /src/main.tsx Could not Fast Refresh ("true" export is incompatible). Learn more at https://github.com/vitejs/vite-plugin-react/tree/main/packages/plugin-react#consistent-components-exports
[2026-08-16T02:57:37.387Z] 2:57:37 AM [vite] (client) page reload src/main.tsx
[2026-08-16T02:57:57.695Z] 2:57:57 AM [vite] (client) hmr update /src/styles.css, /src/components/engine/PaintEditor.tsx, /src/components/engine/AsternalEditor.tsx, /src/components/social/GlobalSearchPanel.tsx, /src/routes/index.tsx, /src/components/engine/ProjectManager.tsx, /src/components/social/GameCard.tsx, /src/components/social/GalleryCanvasPanel.tsx, /src/components/engine/SceneEditor.tsx, /src/components/engine/GameRuntime.tsx, /src/components/engine/UIEditor.tsx, /src/components/engine/AnimationEditor.tsx, /src/components/engine/ScriptEditor.tsx, /src/components/engine/TransformInspector.tsx
[2026-08-16T02:57:57.865Z] 2:57:57 AM [vite] (client) hmr invalidate /src/routes/index.tsx Could not Fast Refresh ("Route" export is incompatible). Learn more at https://github.com/vitejs/vite-plugin-react/tree/main/packages/plugin-react#consistent-components-exports
[2026-08-16T02:57:57.866Z] 2:57:57 AM [vite] (client) hmr update /src/main.tsx
[2026-08-16T02:57:57.866Z] 2:57:57 AM [vite] (client) hmr invalidate /src/components/engine/GameRuntime.tsx Could not Fast Refresh ("drawEntity" export is incompatible). Learn more at https://github.com/vitejs/vite-plugin-react/tree/main/packages/plugin-react#consistent-components-exports
[2026-08-16T02:57:57.866Z] 2:57:57 AM [vite] (client) hmr update /src/components/engine/AsternalEditor.tsx, /src/components/social/GameCard.tsx, /src/components/engine/UIEditor.tsx
[2026-08-16T02:57:57.866Z] 2:57:57 AM [vite] (client) hmr invalidate /src/components/engine/UIEditor.tsx Could not Fast Refresh ("drawUIElement" export is incompatible). Learn more at https://github.com/vitejs/vite-plugin-react/tree/main/packages/plugin-react#consistent-components-exports
[2026-08-16T02:57:57.866Z] 2:57:57 AM [vite] (client) hmr update /src/components/engine/AsternalEditor.tsx, /src/components/engine/GameRuntime.tsx
[2026-08-16T02:57:58.096Z] 2:57:58 AM [vite] (client) hmr invalidate /src/main.tsx Could not Fast Refresh ("true" export is incompatible). Learn more at https://github.com/vitejs/vite-plugin-react/tree/main/packages/plugin-react#consistent-components-exports
[2026-08-16T02:57:58.096Z] 2:57:58 AM [vite] (client) page reload src/main.tsx
[2026-08-16T02:58:26.825Z] 2:58:26 AM [vite] (client) hmr update /src/styles.css, /src/components/engine/SceneEditor.tsx
[2026-08-16T02:59:45.281Z] 2:59:45 AM [vite] (client) hmr update /src/styles.css, /src/components/engine/GameRuntime.tsx
[2026-08-16T02:59:45.433Z] 2:59:45 AM [vite] (client) hmr invalidate /src/components/engine/GameRuntime.tsx Could not Fast Refresh ("drawEntity" export is incompatible). Learn more at https://github.com/vitejs/vite-plugin-react/tree/main/packages/plugin-react#consistent-components-exports
[2026-08-16T02:59:45.433Z] 2:59:45 AM [vite] (client) hmr update /src/components/engine/AsternalEditor.tsx, /src/components/social/GameCard.tsx, /src/components/engine/UIEditor.tsx
[2026-08-16T03:00:38.119Z] 3:00:38 AM [vite] (client) hmr update /src/styles.css, /src/components/engine/SceneEditor.tsx
[2026-08-16T03:01:18.188Z] [ELIFECYCLE] Command failed.
[2026-08-16T03:01:18.192Z] Dev server exited with code -1
[2026-08-16T03:01:19.283Z] Starting dev server with command: pnpm run dev
[2026-08-16T03:01:19.541Z] $ vite
[2026-08-16T03:01:19.812Z] 3:01:19 AM [vite] (client) Re-optimizing dependencies because lockfile has changed
[2026-08-16T03:01:19.827Z] VITE v7.3.6  ready in 263 ms
[2026-08-16T03:01:19.827Z] ➜  Local:   http://localhost:5173/
[2026-08-16T03:01:19.827Z] ➜  Network: http://169.254.0.21:5173/
[2026-08-16T03:01:55.360Z] [ELIFECYCLE] Command failed.
[2026-08-16T03:01:55.365Z] Dev server exited with code -1
[2026-08-16T03:01:56.453Z] Starting dev server with command: pnpm run dev
[2026-08-16T03:01:56.718Z] $ vite
[2026-08-16T03:01:56.981Z] 3:01:56 AM [vite] (client) Re-optimizing dependencies because lockfile has changed
[2026-08-16T03:01:56.996Z] VITE v7.3.6  ready in 254 ms
[2026-08-16T03:01:56.996Z] ➜  Local:   http://localhost:5173/
[2026-08-16T03:01:56.996Z] ➜  Network: http://169.254.0.21:5173/
[2026-08-16T03:03:24.255Z] 3:03:24 AM [vite] (client) hmr update /src/styles.css
[2026-08-16T03:05:19.480Z] 3:05:19 AM [vite] (client) hmr update /src/styles.css, /src/components/social/GlobalSearchPanel.tsx, /src/components/engine/AsternalEditor.tsx, /src/routes/index.tsx, /src/components/engine/ProjectManager.tsx, /src/components/social/GameCard.tsx, /src/components/engine/SceneEditor.tsx, /src/components/engine/GameRuntime.tsx, /src/components/engine/TransformInspector.tsx
[2026-08-16T03:05:19.602Z] 3:05:19 AM [vite] (client) hmr invalidate /src/routes/index.tsx Could not Fast Refresh ("Route" export is incompatible). Learn more at https://github.com/vitejs/vite-plugin-react/tree/main/packages/plugin-react#consistent-components-exports
[2026-08-16T03:05:19.602Z] 3:05:19 AM [vite] (client) hmr update /src/main.tsx
[2026-08-16T03:05:19.602Z] 3:05:19 AM [vite] (client) hmr invalidate /src/components/engine/GameRuntime.tsx Could not Fast Refresh ("drawEntity" export is incompatible). Learn more at https://github.com/vitejs/vite-plugin-react/tree/main/packages/plugin-react#consistent-components-exports
[2026-08-16T03:05:19.602Z] 3:05:19 AM [vite] (client) hmr update /src/components/engine/AsternalEditor.tsx, /src/components/social/GameCard.tsx, /src/components/engine/UIEditor.tsx
[2026-08-16T03:05:19.868Z] 3:05:19 AM [vite] (client) hmr invalidate /src/main.tsx Could not Fast Refresh ("true" export is incompatible). Learn more at https://github.com/vitejs/vite-plugin-react/tree/main/packages/plugin-react#consistent-components-exports
[2026-08-16T03:05:19.868Z] 3:05:19 AM [vite] (client) page reload src/main.tsx
[2026-08-16T03:05:47.225Z] [ELIFECYCLE] Command failed.
[2026-08-16T03:05:47.230Z] Dev server exited with code -1
[2026-08-16T03:05:48.318Z] Starting dev server with command: pnpm run dev
[2026-08-16T03:05:48.573Z] $ vite
[2026-08-16T03:05:48.839Z] VITE v7.3.6  ready in 243 ms
[2026-08-16T03:05:48.839Z] ➜  Local:   http://localhost:5173/
[2026-08-16T03:05:48.839Z] ➜  Network: http://169.254.0.21:5173/
[2026-08-16T03:13:56.359Z] 3:13:56 AM [vite] (client) hmr update /src/styles.css, /src/components/engine/SceneEditor.tsx, /src/components/engine/GameRuntime.tsx, /src/components/engine/AsternalEditor.tsx, /src/components/social/GlobalSearchPanel.tsx, /src/components/social/GameCard.tsx, /src/routes/index.tsx, /src/components/engine/ProjectManager.tsx, /src/components/engine/TransformInspector.tsx
[2026-08-16T03:13:56.594Z] 3:13:56 AM [vite] (client) hmr invalidate /src/components/engine/GameRuntime.tsx Could not Fast Refresh ("drawEntity" export is incompatible). Learn more at https://github.com/vitejs/vite-plugin-react/tree/main/packages/plugin-react#consistent-components-exports
[2026-08-16T03:13:56.594Z] 3:13:56 AM [vite] (client) hmr update /src/components/engine/AsternalEditor.tsx, /src/components/social/GameCard.tsx, /src/components/engine/UIEditor.tsx
[2026-08-16T03:13:56.595Z] 3:13:56 AM [vite] (client) hmr invalidate /src/routes/index.tsx Could not Fast Refresh ("Route" export is incompatible). Learn more at https://github.com/vitejs/vite-plugin-react/tree/main/packages/plugin-react#consistent-components-exports
[2026-08-16T03:13:56.595Z] 3:13:56 AM [vite] (client) hmr update /src/main.tsx
[2026-08-16T03:13:56.855Z] 3:13:56 AM [vite] (client) hmr invalidate /src/main.tsx Could not Fast Refresh ("true" export is incompatible). Learn more at https://github.com/vitejs/vite-plugin-react/tree/main/packages/plugin-react#consistent-components-exports
[2026-08-16T03:13:56.855Z] 3:13:56 AM [vite] (client) page reload src/main.tsx
[2026-08-16T03:15:30.464Z] 3:15:30 AM [vite] (client) hmr update /src/styles.css, /src/components/engine/SceneEditor.tsx, /src/components/engine/GameRuntime.tsx, /src/components/engine/AsternalEditor.tsx, /src/components/social/GlobalSearchPanel.tsx, /src/components/social/GameCard.tsx, /src/routes/index.tsx, /src/components/engine/ProjectManager.tsx, /src/components/engine/TransformInspector.tsx
[2026-08-16T03:15:30.601Z] 3:15:30 AM [vite] (client) hmr invalidate /src/components/engine/GameRuntime.tsx Could not Fast Refresh ("drawEntity" export is incompatible). Learn more at https://github.com/vitejs/vite-plugin-react/tree/main/packages/plugin-react#consistent-components-exports
[2026-08-16T03:15:30.601Z] 3:15:30 AM [vite] (client) hmr update /src/components/engine/AsternalEditor.tsx, /src/components/social/GameCard.tsx, /src/components/engine/UIEditor.tsx
[2026-08-16T03:15:30.601Z] 3:15:30 AM [vite] (client) hmr invalidate /src/routes/index.tsx Could not Fast Refresh ("Route" export is incompatible). Learn more at https://github.com/vitejs/vite-plugin-react/tree/main/packages/plugin-react#consistent-components-exports
[2026-08-16T03:15:30.601Z] 3:15:30 AM [vite] (client) hmr update /src/main.tsx
[2026-08-16T03:15:30.840Z] 3:15:30 AM [vite] (client) hmr invalidate /src/main.tsx Could not Fast Refresh ("true" export is incompatible). Learn more at https://github.com/vitejs/vite-plugin-react/tree/main/packages/plugin-react#consistent-components-exports
[2026-08-16T03:15:30.840Z] 3:15:30 AM [vite] (client) page reload src/main.tsx
[2026-08-16T03:16:32.362Z] 3:16:32 AM [vite] (client) hmr update /src/styles.css
[2026-08-16T03:16:47.279Z] 3:16:47 AM [vite] (client) hmr update /src/styles.css
[2026-08-16T03:17:15.729Z] [ELIFECYCLE] Command failed.
[2026-08-16T03:17:15.735Z] Dev server exited with code -1
[2026-08-16T03:17:16.822Z] Starting dev server with command: pnpm run dev
[2026-08-16T03:17:17.078Z] $ vite
[2026-08-16T03:17:17.328Z] VITE v7.3.6  ready in 227 ms
[2026-08-16T03:17:17.329Z] ➜  Local:   http://localhost:5173/
[2026-08-16T03:17:17.329Z] ➜  Network: http://169.254.0.21:5173/
[2026-08-16T03:18:13.824Z] [ELIFECYCLE] Command failed.
[2026-08-16T03:18:13.830Z] Dev server exited with code -1
[2026-08-16T03:18:14.917Z] Starting dev server with command: pnpm run dev
[2026-08-16T03:18:15.180Z] $ vite
[2026-08-16T03:18:15.432Z] VITE v7.3.6  ready in 227 ms
[2026-08-16T03:18:15.432Z] ➜  Local:   http://localhost:5173/
[2026-08-16T03:18:15.432Z] ➜  Network: http://169.254.0.21:5173/
[2026-08-16T03:18:56.185Z] 3:18:56 AM [vite] (client) hmr update /src/styles.css
[2026-08-16T03:21:03.111Z] 3:21:03 AM [vite] (client) hmr update /src/styles.css, /src/components/social/GlobalSearchPanel.tsx, /src/components/engine/AsternalEditor.tsx, /src/routes/index.tsx, /src/components/engine/ProjectManager.tsx, /src/components/social/GameCard.tsx, /src/components/engine/SceneEditor.tsx, /src/components/engine/GameRuntime.tsx, /src/components/engine/TransformInspector.tsx
[2026-08-16T03:21:09.834Z] 3:21:09 AM [vite] (client) hmr update /src/styles.css
[2026-08-16T03:21:14.036Z] 3:21:14 AM [vite] (client) hmr update /src/styles.css
[2026-08-16T03:21:21.915Z] 3:21:21 AM [vite] (client) hmr update /src/styles.css, /src/components/engine/GameRuntime.tsx
[2026-08-16T03:21:31.129Z] 3:21:31 AM [vite] (client) hmr update /src/styles.css
[2026-08-16T03:26:19.858Z] 3:26:19 AM [vite] (client) hmr update /src/styles.css, /src/components/engine/PaintEditor.tsx, /src/components/engine/AsternalEditor.tsx, /src/components/social/GlobalSearchPanel.tsx, /src/routes/index.tsx, /src/components/engine/ProjectManager.tsx, /src/components/social/GameCard.tsx, /src/components/engine/SceneEditor.tsx, /src/components/engine/GameRuntime.tsx, /src/components/engine/AnimationEditor.tsx, /src/components/engine/UIEditor.tsx, /src/components/engine/TransformInspector.tsx, /src/components/engine/ScriptEditor.tsx, /src/components/social/GalleryCanvasPanel.tsx
[2026-08-16T03:26:41.477Z] 3:26:41 AM [vite] (client) hmr update /src/styles.css, /src/components/social/GlobalSearchPanel.tsx, /src/components/engine/AsternalEditor.tsx, /src/routes/index.tsx, /src/components/engine/ProjectManager.tsx, /src/components/social/GameCard.tsx
[2026-08-16T03:27:34.170Z] 3:27:34 AM [vite] (client) hmr update /src/styles.css, /src/components/engine/AsternalEditor.tsx
[2026-08-16T03:27:50.693Z] 3:27:50 AM [vite] (client) hmr update /src/styles.css, /src/components/social/GlobalSearchPanel.tsx, /src/components/engine/AsternalEditor.tsx, /src/routes/index.tsx, /src/components/engine/ProjectManager.tsx, /src/components/social/GameCard.tsx, /src/components/engine/SceneEditor.tsx, /src/components/engine/GameRuntime.tsx, /src/components/engine/TransformInspector.tsx
[2026-08-16T03:28:06.478Z] 3:28:06 AM [vite] (client) hmr update /src/styles.css, /src/components/engine/GameRuntime.tsx
[2026-08-16T03:28:22.801Z] 3:28:22 AM [vite] (client) hmr update /src/styles.css, /src/components/engine/PaintEditor.tsx, /src/components/engine/AsternalEditor.tsx, /src/components/social/GlobalSearchPanel.tsx, /src/routes/index.tsx, /src/components/engine/ProjectManager.tsx, /src/components/social/GameCard.tsx, /src/components/engine/SceneEditor.tsx, /src/components/engine/GameRuntime.tsx, /src/components/engine/AnimationEditor.tsx, /src/components/engine/UIEditor.tsx, /src/components/engine/TransformInspector.tsx, /src/components/engine/ScriptEditor.tsx, /src/components/social/GalleryCanvasPanel.tsx
[2026-08-16T03:29:44.194Z] 3:29:44 AM [vite] (client) hmr update /src/styles.css, /src/components/engine/PaintEditor.tsx, /src/components/engine/AsternalEditor.tsx, /src/components/social/GlobalSearchPanel.tsx, /src/routes/index.tsx, /src/components/engine/ProjectManager.tsx, /src/components/social/GameCard.tsx, /src/components/engine/SceneEditor.tsx, /src/components/engine/GameRuntime.tsx, /src/components/engine/AnimationEditor.tsx, /src/components/engine/UIEditor.tsx, /src/components/engine/TransformInspector.tsx, /src/components/engine/ScriptEditor.tsx, /src/components/social/GalleryCanvasPanel.tsx
[2026-08-16T03:29:58.004Z] 3:29:58 AM [vite] (client) hmr update /src/styles.css, /src/components/engine/PaintEditor.tsx, /src/components/engine/AsternalEditor.tsx, /src/components/social/GlobalSearchPanel.tsx, /src/routes/index.tsx, /src/components/engine/ProjectManager.tsx, /src/components/social/GameCard.tsx, /src/components/engine/SceneEditor.tsx, /src/components/engine/GameRuntime.tsx, /src/components/engine/AnimationEditor.tsx, /src/components/engine/UIEditor.tsx, /src/components/engine/TransformInspector.tsx, /src/components/engine/ScriptEditor.tsx, /src/components/social/GalleryCanvasPanel.tsx
[2026-08-16T03:30:20.028Z] [ELIFECYCLE] Command failed.
[2026-08-16T03:30:20.032Z] Dev server exited with code -1
[2026-08-16T03:30:21.121Z] Starting dev server with command: pnpm run dev
[2026-08-16T03:30:21.382Z] $ vite
[2026-08-16T03:30:21.652Z] VITE v7.3.6  ready in 247 ms
[2026-08-16T03:30:21.652Z] ➜  Local:   http://localhost:5173/
[2026-08-16T03:30:21.653Z] ➜  Network: http://169.254.0.21:5173/
[2026-08-16T03:30:39.602Z] 3:30:39 AM [vite] (client) hmr update /src/styles.css
[2026-08-16T03:31:34.704Z] 3:31:34 AM [vite] (client) hmr update /src/styles.css, /src/components/engine/ComponentInspector.tsx
[2026-08-16T03:32:02.857Z] 3:32:02 AM [vite] (client) hmr update /src/styles.css, /src/components/engine/AsternalEditor.tsx, /src/components/social/GlobalSearchPanel.tsx, /src/routes/index.tsx, /src/components/engine/ProjectManager.tsx, /src/components/social/GameCard.tsx, /src/components/engine/GameRuntime.tsx, /src/components/engine/ComponentInspector.tsx
[2026-08-16T03:32:15.339Z] 3:32:15 AM [vite] (client) hmr update /src/styles.css, /src/components/engine/AsternalEditor.tsx, /src/components/social/GlobalSearchPanel.tsx, /src/routes/index.tsx, /src/components/engine/ProjectManager.tsx, /src/components/social/GameCard.tsx, /src/components/engine/GameRuntime.tsx, /src/components/engine/ComponentInspector.tsx
[2026-08-16T03:32:18.938Z] 3:32:18 AM [vite] (client) hmr update /src/styles.css, /src/components/engine/SceneEditor.tsx
[2026-08-16T03:32:47.214Z] 3:32:47 AM [vite] (client) hmr update /src/styles.css
[2026-08-16T03:33:14.645Z] 3:33:14 AM [vite] (client) hmr update /src/styles.css, /src/components/engine/AsternalEditor.tsx, /src/components/social/GlobalSearchPanel.tsx, /src/routes/index.tsx, /src/components/engine/ProjectManager.tsx, /src/components/social/GameCard.tsx, /src/components/engine/GameRuntime.tsx, /src/components/engine/ComponentInspector.tsx
[2026-08-16T03:33:40.677Z] 3:33:40 AM [vite] (client) hmr update /src/styles.css, /src/components/engine/PaintEditor.tsx, /src/components/engine/AsternalEditor.tsx, /src/components/social/GlobalSearchPanel.tsx, /src/routes/index.tsx, /src/components/engine/ProjectManager.tsx, /src/components/social/GameCard.tsx, /src/components/engine/SceneEditor.tsx, /src/components/engine/GameRuntime.tsx, /src/components/engine/AnimationEditor.tsx, /src/components/engine/UIEditor.tsx, /src/components/engine/TransformInspector.tsx, /src/components/social/GalleryCanvasPanel.tsx, /src/components/engine/ScriptEditor.tsx
[2026-08-16T03:45:25.016Z] 3:45:25 AM [vite] (client) hmr update /src/styles.css, /src/components/engine/PaintEditor.tsx, /src/components/engine/AsternalEditor.tsx, /src/components/social/GlobalSearchPanel.tsx, /src/routes/index.tsx, /src/components/engine/ProjectManager.tsx, /src/components/social/GameCard.tsx, /src/components/engine/SceneEditor.tsx, /src/components/engine/GameRuntime.tsx, /src/components/engine/AnimationEditor.tsx, /src/components/engine/UIEditor.tsx, /src/components/engine/TransformInspector.tsx, /src/components/social/GalleryCanvasPanel.tsx, /src/components/engine/ScriptEditor.tsx
[2026-08-16T03:45:32.608Z] 3:45:32 AM [vite] (client) hmr update /src/styles.css, /src/components/engine/GameRuntime.tsx, /src/components/engine/ScriptEditor.tsx
[2026-08-16T03:45:38.431Z] 3:45:38 AM [vite] (client) hmr update /src/styles.css, /src/components/engine/ScriptEditor.tsx
[2026-08-16T04:06:56.607Z] 4:06:56 AM [vite] (client) hmr update /src/styles.css, /src/components/engine/GameRuntime.tsx, /src/components/engine/ScriptEditor.tsx
[2026-08-16T04:07:26.662Z] 4:07:26 AM [vite] (client) hmr update /src/styles.css, /src/components/engine/GameRuntime.tsx, /src/components/engine/ScriptEditor.tsx
[2026-08-16T04:07:39.860Z] 4:07:39 AM [vite] (client) hmr update /src/styles.css, /src/components/engine/GameRuntime.tsx
[2026-08-16T04:08:21.114Z] [ELIFECYCLE] Command failed.
[2026-08-16T04:08:21.119Z] Dev server exited with code -1
[2026-08-16T04:08:22.207Z] Starting dev server with command: pnpm run dev
[2026-08-16T04:08:22.466Z] $ vite
[2026-08-16T04:08:22.744Z] VITE v7.3.6  ready in 253 ms
[2026-08-16T04:08:22.744Z] ➜  Local:   http://localhost:5173/
[2026-08-16T04:08:22.744Z] ➜  Network: http://169.254.0.21:5173/
[2026-08-16T04:12:49.930Z] 4:12:49 AM [vite] (client) hmr update /src/styles.css, /src/components/engine/PaintEditor.tsx, /src/components/engine/AsternalEditor.tsx, /src/components/social/GlobalSearchPanel.tsx, /src/routes/index.tsx, /src/components/engine/ProjectManager.tsx, /src/components/social/GameCard.tsx, /src/components/engine/SceneEditor.tsx, /src/components/engine/GameRuntime.tsx, /src/components/engine/AnimationEditor.tsx, /src/components/engine/UIEditor.tsx, /src/components/engine/TransformInspector.tsx, /src/components/social/GalleryCanvasPanel.tsx, /src/components/engine/ScriptEditor.tsx
[2026-08-16T04:13:02.191Z] 4:13:02 AM [vite] (client) hmr update /src/styles.css
[2026-08-16T04:13:27.459Z] [ELIFECYCLE] Command failed.
[2026-08-16T04:13:27.465Z] Dev server exited with code -1
[2026-08-16T04:13:28.551Z] Starting dev server with command: pnpm run dev
[2026-08-16T04:13:28.813Z] $ vite
[2026-08-16T04:13:29.082Z] VITE v7.3.6  ready in 246 ms
[2026-08-16T04:13:29.082Z] ➜  Local:   http://localhost:5173/
[2026-08-16T04:13:29.082Z] ➜  Network: http://169.254.0.21:5173/
[2026-08-16T04:16:14.383Z] [ELIFECYCLE] Command failed.
[2026-08-16T04:16:14.389Z] Dev server exited with code -1
[2026-08-16T04:16:15.475Z] Starting dev server with command: pnpm run dev
[2026-08-16T04:16:15.730Z] $ vite
[2026-08-16T04:16:15.986Z] VITE v7.3.6  ready in 232 ms
[2026-08-16T04:16:15.986Z] ➜  Local:   http://localhost:5173/
[2026-08-16T04:16:15.987Z] ➜  Network: http://169.254.0.21:5173/
[2026-08-16T14:43:47.289Z] 2:43:47 PM [vite] (client) hmr update /src/styles.css, /src/components/engine/GameRuntime.tsx
[2026-08-16T14:44:21.196Z] 2:44:21 PM [vite] (client) hmr update /src/styles.css
[2026-08-16T14:44:40.118Z] 2:44:40 PM [vite] (client) hmr update /src/styles.css
[2026-08-16T14:45:07.236Z] [ELIFECYCLE] Command failed.
[2026-08-16T14:45:07.241Z] Dev server exited with code -1
[2026-08-16T14:45:08.328Z] Starting dev server with command: pnpm run dev
[2026-08-16T14:45:08.598Z] $ vite
[2026-08-16T14:45:08.860Z] VITE v7.3.6  ready in 236 ms
[2026-08-16T14:45:08.860Z] ➜  Local:   http://localhost:5173/
[2026-08-16T14:45:08.860Z] ➜  Network: http://169.254.0.21:5173/
[2026-08-16T15:25:49.796Z] 3:25:49 PM [vite] (client) hmr update /src/styles.css, /src/components/engine/ScriptEditor.tsx
[2026-08-16T15:26:00.507Z] 3:26:00 PM [vite] (client) hmr update /src/styles.css, /src/components/engine/ScriptEditor.tsx
[2026-08-16T15:26:12.298Z] 3:26:12 PM [vite] (client) hmr update /src/styles.css, /src/components/engine/ScriptEditor.tsx
[2026-08-16T15:32:52.662Z] 3:32:52 PM [vite] (client) hmr update /src/styles.css, /src/components/social/GlobalSearchPanel.tsx, /src/components/engine/AsternalEditor.tsx, /src/routes/index.tsx, /src/components/engine/ProjectManager.tsx, /src/components/social/GameCard.tsx, /src/components/engine/SceneEditor.tsx, /src/components/engine/GameRuntime.tsx, /src/components/engine/TransformInspector.tsx, /src/components/engine/ComponentInspector.tsx, /src/components/engine/ScriptEditor.tsx
[2026-08-16T15:33:08.995Z] 3:33:08 PM [vite] (client) hmr update /src/styles.css, /src/components/engine/AsternalEditor.tsx, /src/components/engine/PaintEditor.tsx, /src/components/social/GlobalSearchPanel.tsx, /src/routes/index.tsx, /src/components/engine/ProjectManager.tsx, /src/components/social/GameCard.tsx, /src/components/engine/SceneEditor.tsx, /src/components/engine/GameRuntime.tsx, /src/components/engine/AnimationEditor.tsx, /src/components/engine/UIEditor.tsx, /src/components/engine/TransformInspector.tsx, /src/components/social/GalleryCanvasPanel.tsx, /src/components/engine/ScriptEditor.tsx
[2026-08-16T15:33:14.672Z] 3:33:14 PM [vite] (client) hmr update /src/styles.css, /src/components/social/GlobalSearchPanel.tsx, /src/components/engine/AsternalEditor.tsx, /src/routes/index.tsx, /src/components/engine/ProjectManager.tsx, /src/components/social/GameCard.tsx
[2026-08-16T15:33:24.458Z] 3:33:24 PM [vite] (client) hmr update /src/styles.css, /src/components/engine/GameRuntime.tsx
[2026-08-16T15:34:01.886Z] 3:34:01 PM [vite] (client) hmr update /src/styles.css, /src/components/engine/AsternalEditor.tsx, /src/components/engine/PaintEditor.tsx, /src/components/social/GlobalSearchPanel.tsx, /src/routes/index.tsx, /src/components/engine/ProjectManager.tsx, /src/components/social/GameCard.tsx, /src/components/engine/SceneEditor.tsx, /src/components/engine/GameRuntime.tsx, /src/components/engine/AnimationEditor.tsx, /src/components/engine/UIEditor.tsx, /src/components/engine/TransformInspector.tsx, /src/components/social/GalleryCanvasPanel.tsx, /src/components/engine/ScriptEditor.tsx
[2026-08-16T15:34:17.951Z] 3:34:17 PM [vite] (client) hmr update /src/styles.css, /src/components/engine/AsternalEditor.tsx, /src/components/engine/PaintEditor.tsx, /src/components/social/GlobalSearchPanel.tsx, /src/routes/index.tsx, /src/components/engine/ProjectManager.tsx, /src/components/social/GameCard.tsx, /src/components/engine/SceneEditor.tsx, /src/components/engine/GameRuntime.tsx, /src/components/engine/AnimationEditor.tsx, /src/components/engine/UIEditor.tsx, /src/components/engine/TransformInspector.tsx, /src/components/social/GalleryCanvasPanel.tsx, /src/components/engine/ScriptEditor.tsx
[2026-08-16T15:34:24.114Z] 3:34:24 PM [vite] (client) hmr update /src/styles.css, /src/components/engine/AsternalEditor.tsx, /src/components/engine/PaintEditor.tsx, /src/components/social/GlobalSearchPanel.tsx, /src/routes/index.tsx, /src/components/engine/ProjectManager.tsx, /src/components/social/GameCard.tsx, /src/components/engine/SceneEditor.tsx, /src/components/engine/GameRuntime.tsx, /src/components/engine/AnimationEditor.tsx, /src/components/engine/UIEditor.tsx, /src/components/engine/TransformInspector.tsx, /src/components/social/GalleryCanvasPanel.tsx, /src/components/engine/ScriptEditor.tsx
[2026-08-16T15:35:38.989Z] 3:35:38 PM [vite] (client) hmr update /src/styles.css, /src/components/engine/GameRuntime.tsx, /src/components/engine/ScriptEditor.tsx
[2026-08-16T15:35:40.770Z] 3:35:40 PM [vite] (client) hmr invalidate /src/components/engine/GameRuntime.tsx Could not Fast Refresh ("drawEntity" export is incompatible). Learn more at https://github.com/vitejs/vite-plugin-react/tree/main/packages/plugin-react#consistent-components-exports
[2026-08-16T15:35:40.771Z] 3:35:40 PM [vite] (client) hmr update /src/components/engine/AsternalEditor.tsx, /src/components/engine/UIEditor.tsx, /src/components/social/GameCard.tsx
[2026-08-16T15:35:46.730Z] 3:35:46 PM [vite] (client) hmr update /src/styles.css, /src/components/engine/AsternalEditor.tsx
[2026-08-16T15:35:53.053Z] 3:35:53 PM [vite] (client) hmr update /src/styles.css, /src/components/engine/SceneEditor.tsx
[2026-08-16T15:36:05.648Z] 3:36:05 PM [vite] (client) hmr update /src/styles.css, /src/components/engine/AsternalEditor.tsx, /src/components/engine/PaintEditor.tsx, /src/components/social/GlobalSearchPanel.tsx, /src/routes/index.tsx, /src/components/engine/ProjectManager.tsx, /src/components/social/GameCard.tsx, /src/components/engine/SceneEditor.tsx, /src/components/engine/GameRuntime.tsx, /src/components/engine/AnimationEditor.tsx, /src/components/engine/UIEditor.tsx, /src/components/engine/TransformInspector.tsx, /src/components/social/GalleryCanvasPanel.tsx, /src/components/engine/ScriptEditor.tsx
[2026-08-16T15:36:05.746Z] 3:36:05 PM [vite] (client) page reload src/lib/engine/ecs.ts
[2026-08-16T15:36:05.746Z] 3:36:05 PM [vite] (client) hmr update /src/styles.css
[2026-08-16T15:36:05.746Z] 3:36:05 PM [vite] (client) hmr update /src/styles.css, /src/components/engine/ComponentInspector.tsx
[2026-08-16T15:36:31.475Z] 3:36:31 PM [vite] (client) hmr update /src/styles.css
[2026-08-16T15:36:41.819Z] 3:36:41 PM [vite] (client) hmr update /src/styles.css
[2026-08-16T15:41:27.457Z] 3:41:27 PM [vite] (client) hmr update /src/styles.css
[2026-08-16T15:42:16.926Z] [ELIFECYCLE] Command failed.
[2026-08-16T15:42:16.931Z] Dev server exited with code -1
[2026-08-16T15:42:18.018Z] Starting dev server with command: pnpm run dev
[2026-08-16T15:42:18.297Z] $ vite
[2026-08-16T15:42:18.566Z] VITE v7.3.6  ready in 241 ms
[2026-08-16T15:42:18.566Z] ➜  Local:   http://localhost:5173/
[2026-08-16T15:42:18.566Z] ➜  Network: http://169.254.0.21:5173/
[2026-08-16T22:41:49.349Z] 10:41:49 PM [vite] (client) hmr update /src/styles.css, /src/components/engine/GameRuntime.tsx, /src/components/engine/ScriptEditor.tsx
[2026-08-16T22:42:12.731Z] 10:42:12 PM [vite] (client) hmr update /src/styles.css, /src/components/engine/ScriptEditor.tsx
[2026-08-16T22:42:29.398Z] 10:42:29 PM [vite] (client) hmr update /src/styles.css, /src/components/engine/ScriptEditor.tsx
[2026-08-16T22:43:51.629Z] 10:43:51 PM [vite] (client) hmr update /src/styles.css, /src/components/engine/GameRuntime.tsx, /src/components/engine/ScriptEditor.tsx
[2026-08-16T22:44:32.131Z] 10:44:32 PM [vite] (client) hmr update /src/styles.css, /src/components/engine/GameRuntime.tsx, /src/components/engine/ScriptEditor.tsx
[2026-08-16T22:44:56.451Z] 10:44:56 PM [vite] (client) hmr update /src/styles.css, /src/components/engine/ScriptEditor.tsx
[2026-08-16T22:45:35.868Z] 10:45:35 PM [vite] (client) hmr update /src/styles.css
